// Vitest Snapshot v1, https://vitest.dev/guide/snapshot.html

exports[`Shape > should throw on a reserved parameter 1`] = `[ReservedParamError: Cannot use reserved Electric parameter names in custom params: live]`;
